
> darkstackstudios@0.0.0 build
> vite build

[36mvite v6.4.1 [32mbuilding for production...[36m[39m
transforming...
[32mΓ£ô[39m 2 modules transformed.
node.exe : [31mΓ£ù[39m 
Build failed in 949ms
At line:1 char:1
+ & "C:\Program 
Files\nodejs/node.exe" 
"C:\Program 
Files\nodejs/node_mo ...
+ ~~~~~~~~~~~~~~~~~~~~~~~~~~
~~~~~~~~~~~~~~~~~~~~~~~~~~~~
~~~~~~~~~~~~~~~
    + CategoryInfo          
    : NotSpecified: ([31m  
  Γ£ù[39m Build failed i   
 n 949ms:String) [], Rem    
oteException
    + FullyQualifiedErrorId 
    : NativeCommandError
 
[31merror during build:
[31m[vite:css] [postcss] 
It looks like you're trying 
to use `tailwindcss` 
directly as a PostCSS 
plugin. The PostCSS plugin 
has moved to a separate 
package, so to continue 
using Tailwind CSS with 
PostCSS you'll need to 
install 
`@tailwindcss/postcss` and 
update your PostCSS 
configuration.[31m
file: [36mC:/Users/rhoda/On
eDrive/Documents/Projects/da
rkstackstudios/NewDarkStack/
index.html?html-proxy&inline
-css&index=0.css:undefined:N
aN[31m
    at at (C:\Users\rhoda\On
eDrive\Documents\Projects\da
rkstackstudios\NewDarkStack\
node_modules\tailwindcss\dis
t\lib.js:38:1629)
    at LazyResult.runOnRoot 
(C:\Users\rhoda\OneDrive\Doc
uments\Projects\darkstackstu
dios\NewDarkStack\node_modul
es\postcss\lib\lazy-result.j
s:361:16)
    at LazyResult.runAsync (
C:\Users\rhoda\OneDrive\Docu
ments\Projects\darkstackstud
ios\NewDarkStack\node_module
s\postcss\lib\lazy-result.js
:290:26)
    at LazyResult.async (C:\
Users\rhoda\OneDrive\Documen
ts\Projects\darkstackstudios
\NewDarkStack\node_modules\p
ostcss\lib\lazy-result.js:19
2:30)
    at LazyResult.then (C:\U
sers\rhoda\OneDrive\Document
s\Projects\darkstackstudios\
NewDarkStack\node_modules\po
stcss\lib\lazy-result.js:436
:17)[39m
